infor
info
more info